C166 COMPILER V7.53.0.0, ALGORITHM                                                         07/18/2016 17:14:27 PAGE 1   


C166 COMPILER V7.53.0.0, COMPILATION OF MODULE ALGORITHM
OBJECT MODULE PLACED IN algorithm.OBJ
COMPILER INVOKED BY: C:\Keil\C166\BIN\C166.EXE algorithm.c BROWSE MOD167 DEBUG TABS(2) 

 stmt lvl     source

    1         #include "algorithm.h"
    2         
    3         void ALGORITHM_Timer1000msElapsed()
    4         {
    5  1        
    6  1      }


MODULE INFORMATION:   INITIALIZED  UNINITIALIZED
  CODE SIZE        =           2     --------
  NEAR-CONST SIZE  =    --------     --------
  FAR-CONST SIZE   =    --------     --------
  HUGE-CONST SIZE  =    --------     --------
  XHUGE-CONST SIZE =    --------     --------
  NEAR-DATA SIZE   =    --------     --------
  FAR-DATA SIZE    =    --------     --------
  XHUGE-DATA SIZE  =    --------     --------
  IDATA-DATA SIZE  =    --------     --------
  SDATA-DATA SIZE  =    --------     --------
  BDATA-DATA SIZE  =    --------     --------
  HUGE-DATA SIZE   =    --------     --------
  BIT SIZE         =    --------     --------
  INIT'L SIZE      =    --------     --------
END OF MODULE INFORMATION.


C166 COMPILATION COMPLETE.  0 WARNING(S),  0 ERROR(S)
