C166 COMPILER V7.53.0.0, FLASH                                                             07/18/2016 12:21:32 PAGE 1   


C166 COMPILER V7.53.0.0, COMPILATION OF MODULE FLASH
OBJECT MODULE PLACED IN flash.OBJ
COMPILER INVOKED BY: C:\Keil\C166\BIN\C166.EXE flash.c BROWSE MOD167 DEBUG TABS(2) 

 stmt lvl     source

    1         #include "flash.h"
    2         
    3         void FLASH_EraseSector(unsigned long sector)
    4         {
    5  1          unsigned int far *Command_1 = (unsigned int far *) 0x080554;
    6  1          unsigned int far *Command_2 = (unsigned int far *) 0x080AAA;
    7  1        
    8  1          unsigned int far *Command_sector = (unsigned int far *)sector;
    9  1        
   10  1          *Command_1 = 0xAA00;
   11  1        _nop_ (); _nop_ (); _nop_ (); _nop_ (); 
   12  1          *Command_2 = 0x0055;
   13  1        _nop_ (); _nop_ (); _nop_ (); _nop_ (); 
   14  1          *Command_1 = 0x8000;
   15  1        _nop_ (); _nop_ (); _nop_ (); _nop_ (); 
   16  1          *Command_1 = 0xAA00;
   17  1        _nop_ (); _nop_ (); _nop_ (); _nop_ (); 
   18  1          *Command_2 = 0x0055;
   19  1        _nop_ (); _nop_ (); _nop_ (); _nop_ (); 
   20  1          *Command_sector = 0x0030;
   21  1        _nop_ (); _nop_ (); _nop_ (); _nop_ (); 
   22  1      }
   23         
   24         void FLASH_WriteWord(unsigned long address,unsigned int word)
   25         {
   26  1          unsigned int far *Command_1 = (unsigned int far *) 0x080554;
   27  1          unsigned int far *Command_2 = (unsigned int far *) 0x080AAA;
   28  1        
   29  1          unsigned int far *Command_sector = (unsigned int far *)address;
   30  1        
   31  1          *Command_1 = 0xAA00;
   32  1          _nop_ (); _nop_ (); _nop_ (); _nop_ (); 
   33  1        
   34  1          *Command_2 = 0x0055;
   35  1          _nop_ (); _nop_ (); _nop_ (); _nop_ (); 
   36  1        
   37  1          *Command_1 = 0xA000;
   38  1          _nop_ (); _nop_ (); _nop_ (); _nop_ (); 
   39  1        
   40  1          *Command_sector = word;
   41  1      
   42  1          _nop_ (); _nop_ (); _nop_ (); _nop_ (); 
   43  1          _nop_ (); _nop_ (); _nop_ (); _nop_ (); 
   44  1          _nop_ (); _nop_ (); _nop_ (); _nop_ (); 
   45  1          _nop_ (); _nop_ (); _nop_ (); _nop_ (); 
   46  1          _nop_ (); _nop_ (); _nop_ (); _nop_ ();
   47  1        
   48  1      }
   49         void FLASH_FSRControl()
   50         {
   51  1        volatile unsigned int far *FSR = (unsigned int far *) 0x08F000;
   52  1        volatile unsigned int Register = *FSR;
   53  1        
   54  1        while(Register & 0x0001){
   55  2          Register = *FSR;
C166 COMPILER V7.53.0.0, FLASH                                                             07/18/2016 12:21:32 PAGE 2   

   56  2        }
   57  1      }
   58         


MODULE INFORMATION:   INITIALIZED  UNINITIALIZED
  CODE SIZE        =         310     --------
  NEAR-CONST SIZE  =    --------     --------
  FAR-CONST SIZE   =    --------     --------
  HUGE-CONST SIZE  =    --------     --------
  XHUGE-CONST SIZE =    --------     --------
  NEAR-DATA SIZE   =    --------     --------
  FAR-DATA SIZE    =    --------     --------
  XHUGE-DATA SIZE  =    --------     --------
  IDATA-DATA SIZE  =    --------     --------
  SDATA-DATA SIZE  =    --------     --------
  BDATA-DATA SIZE  =    --------     --------
  HUGE-DATA SIZE   =    --------     --------
  BIT SIZE         =    --------     --------
  INIT'L SIZE      =    --------     --------
END OF MODULE INFORMATION.


C166 COMPILATION COMPLETE.  0 WARNING(S),  0 ERROR(S)
